100 7 8 10 100 0 10 15 100 101 999 5 5 5 4 4 4 3 3 3 2 2 998
