11 2 12 21 100 12 12 20 10 10 11 11 12 12 13 13 16
